# Lower

## tests/snapshots/lower/if_branches/input.vader
  fn tests_snapshots_lower_if_branches_input_vader$classify(n: i32) -> string
    return
      if :string
        cond:
          gt :bool
            l:
              n#31 :i32
            r:
              int(0) :i32
        then:
          ~>
            "positive" :string
        else:
          ~>
            if :string
              cond:
                lt :bool
                  l:
                    n#31 :i32
                  r:
                    int(0) :i32
              then:
                ~>
                  "negative" :string
              else:
                ~>
                  "zero" :string
