# Lower

## tests/snapshots/lower/try_op/input.vader
  fn tests_snapshots_lower_try_op_input_vader$content(path: string) -> Error | string
    let raw#40: string =
      block :string
        let __try_0#-1: Error | string =
          call :Error | string
            callee:
              read_file#19 :fn(string) -> Error | string
            arg0:
              path#39 :string
        ~>
          if :string
            cond:
              is Error :bool
                __try_0#-1 :Error | string
            then:
              return __try_0#-1 :Error | string
            else:
              ~>
                cast → string
                  __try_0#-1 :Error | string
    return raw#40 :string
