module input
type 0 struct std_io$IOError { msg:1 }
type 1 primitive string
type 2 ref Error
import 0 print std_io$print (string) -> void
import 1 println std_io$println (string) -> void
import 2 read_line std_io$read_line () -> ref
import 3 read_file std_io$read_file (string) -> ref
import 4 write_file std_io$write_file (string,string) -> ref
import 5 exists std_io$exists (string) -> bool

fn 0 tests_snapshots_bytecode_try_op_input_vader$content (string) -> ref
  local __try_0 ref
  local raw string
  local.get 0   ; input.vader:4:22
  call.import 3   ; input.vader:4:12
  local.set 1   ; input.vader:4:12
  local.get 1   ; input.vader:4:12
  type_check 2   ; input.vader:4:12
  if string   ; input.vader:4:12
  local.get 1   ; input.vader:4:12
  return   ; input.vader:4:12
  else   ; input.vader:4:12
  local.get 1   ; input.vader:4:12
  ref.cast 1   ; input.vader:4:12
  end   ; input.vader:4:12
  local.set 2   ; input.vader:4:5
  local.get 2   ; input.vader:5:12
  return   ; input.vader:5:5
end

fn 1 std_io$IOError$Error$message (ref) -> string
end
