# Modules

## std/core
  trait            public   Add 
  trait            public   Clone 
  trait            public   Display 
  trait            public   Div 
  trait            public   Eq 
  trait            public   Error 
  trait            public   Hash 
  trait            public   Iterable 
  trait            public   Iterator 
  trait            public   Mul 
  trait            public   Ord 
  trait            public   Sub 
  refs: idents=0 types=22 params=18 locals=0 typeParams=2 fields=0

## tests/snapshots/resolver/decorators_ok/input.vader
  fn               public   log 
  fn               public   test_log 
  refs: idents=1 types=2 params=2 locals=0 typeParams=0 fields=0
