# AST
{
  "kind": "Program",
  "decls": [
    {
      "kind": "FnDecl",
      "name": "classify",
      "visibility": "public",
      "typeParams": [],
      "params": [
        {
          "name": "x",
          "type": {
            "kind": "UnionType",
            "variants": [
              {
                "kind": "NamedType",
                "name": "i32"
              },
              {
                "kind": "NamedType",
                "name": "string"
              },
              {
                "kind": "NamedType",
                "name": "null"
              }
            ]
          },
          "defaultValue": null,
          "variadic": false
        }
      ],
      "returnType": {
        "kind": "NamedType",
        "name": "string"
      },
      "whereClauses": [],
      "body": {
        "kind": "BlockExpr",
        "stmts": [
          {
            "kind": "ReturnStmt",
            "value": {
              "kind": "MatchExpr",
              "scrutinee": {
                "kind": "IdentExpr",
                "name": "x"
              },
              "arms": [
                {
                  "pattern": {
                    "kind": "IsPattern",
                    "type": {
                      "kind": "NamedType",
                      "name": "i32"
                    },
                    "inner": null,
                    "bindAs": null
                  },
                  "guard": {
                    "kind": "BinaryExpr",
                    "op": "gt",
                    "left": {
                      "kind": "IdentExpr",
                      "name": "x"
                    },
                    "right": {
                      "kind": "IntLitExpr",
                      "value": "0n",
                      "suffix": null
                    }
                  },
                  "body": {
                    "kind": "StringLitExpr",
                    "parts": [
                      {
                        "kind": "text",
                        "value": "positive"
                      }
                    ]
                  }
                },
                {
                  "pattern": {
                    "kind": "IsPattern",
                    "type": {
                      "kind": "NamedType",
                      "name": "i32"
                    },
                    "inner": null,
                    "bindAs": null
                  },
                  "guard": null,
                  "body": {
                    "kind": "StringLitExpr",
                    "parts": [
                      {
                        "kind": "text",
                        "value": "non-positive"
                      }
                    ]
                  }
                },
                {
                  "pattern": {
                    "kind": "IsPattern",
                    "type": {
                      "kind": "NamedType",
                      "name": "string"
                    },
                    "inner": null,
                    "bindAs": null
                  },
                  "guard": null,
                  "body": {
                    "kind": "IdentExpr",
                    "name": "x"
                  }
                },
                {
                  "pattern": {
                    "kind": "IsPattern",
                    "type": {
                      "kind": "NamedType",
                      "name": "null"
                    },
                    "inner": null,
                    "bindAs": null
                  },
                  "guard": null,
                  "body": {
                    "kind": "StringLitExpr",
                    "parts": [
                      {
                        "kind": "text",
                        "value": "nothing"
                      }
                    ]
                  }
                },
                {
                  "pattern": {
                    "kind": "WildcardPattern"
                  },
                  "guard": null,
                  "body": {
                    "kind": "StringLitExpr",
                    "parts": [
                      {
                        "kind": "text",
                        "value": "?"
                      }
                    ]
                  }
                }
              ]
            }
          }
        ],
        "trailing": null
      },
      "decorators": []
    }
  ]
}
