module input
type 0 primitive i32
type 1 primitive string
type 2 primitive null
string 0 "an int"
string 1 "a string"
string 2 "nothing"

fn 0 tests_snapshots_bytecode_match_union_input_vader$describe (ref) -> string
  local __scrut_0 ref
  local.get 0   ; input.vader:2:18
  local.set 1   ; input.vader:2:18
  local.get 1   ; input.vader:3:9
  type_check 0   ; input.vader:3:9
  if string   ; input.vader:3:9
  string.const 0   ; input.vader:3:22
  else   ; input.vader:3:9
  local.get 1   ; input.vader:4:9
  type_check 1   ; input.vader:4:9
  if string   ; input.vader:4:9
  string.const 1   ; input.vader:4:22
  else   ; input.vader:4:9
  local.get 1   ; input.vader:5:9
  type_check 2   ; input.vader:5:9
  if string   ; input.vader:5:9
  string.const 2   ; input.vader:5:22
  else   ; input.vader:5:9
  unreachable   ; input.vader:2:12
  end   ; input.vader:5:9
  end   ; input.vader:4:9
  end   ; input.vader:3:9
  return   ; input.vader:2:5
end
