# Lower

## tests/snapshots/lower/comptime_const/input.vader
  const tests_snapshots_lower_comptime_const_input_vader$ANSWER: i32 =
    int(42) :i32
  const tests_snapshots_lower_comptime_const_input_vader$GREETING: string =
    "hello, world" :string
  fn tests_snapshots_lower_comptime_const_input_vader$main() -> i32
    return ANSWER#1 :?
