module input

fn 0 tests_snapshots_bytecode_for_loop_input_vader$mixed_loops (i32) -> i32
  local n i32
  local i i32
  local j i32
  i32.const 0   ; input.vader:2:10
  local.set 1   ; input.vader:2:5
  local.get 0   ; input.vader:5:10
  local.set 2   ; input.vader:5:5
  block void   ; input.vader:6:5
  loop void   ; input.vader:6:5
  local.get 2   ; input.vader:6:9
  i32.const 10   ; input.vader:6:13
  i32.lt   ; input.vader:6:9
  bool.not   ; input.vader:6:9
  br_if 1   ; input.vader:6:9
  local.get 2   ; input.vader:7:13
  i32.const 1   ; input.vader:7:17
  i32.add   ; input.vader:7:13
  local.set 2   ; input.vader:7:9
  local.get 2   ; input.vader:8:13
  i32.const 2   ; input.vader:8:17
  i32.rem   ; input.vader:8:13
  i32.const 0   ; input.vader:8:22
  i32.ne   ; input.vader:8:13
  if void   ; input.vader:8:9
  br 1   ; input.vader:9:13
  end   ; input.vader:8:9
  local.get 1   ; input.vader:11:13
  i32.const 1   ; input.vader:11:17
  i32.add   ; input.vader:11:13
  local.set 1   ; input.vader:11:9
  br 0   ; input.vader:6:5
  end   ; input.vader:6:5
  end   ; input.vader:6:5
  i32.const 0   ; input.vader:15:10
  local.set 3   ; input.vader:15:5
  block void   ; input.vader:16:5
  loop void   ; input.vader:16:5
  local.get 3   ; input.vader:17:13
  i32.const 5   ; input.vader:17:18
  i32.ge   ; input.vader:17:13
  if void   ; input.vader:17:9
  br 2   ; input.vader:18:13
  end   ; input.vader:17:9
  local.get 3   ; input.vader:20:13
  i32.const 1   ; input.vader:20:17
  i32.add   ; input.vader:20:13
  local.set 3   ; input.vader:20:9
  local.get 1   ; input.vader:21:13
  i32.const 1   ; input.vader:21:17
  i32.add   ; input.vader:21:13
  local.set 1   ; input.vader:21:9
  br 0   ; input.vader:16:5
  end   ; input.vader:16:5
  end   ; input.vader:16:5
  local.get 1   ; input.vader:24:12
  return   ; input.vader:24:5
end
