module input
type 0 struct std_core$Done {  }
type 1 struct std_core$Range { start:2,end:2,inclusive:3,cursor:2 }
type 2 primitive i32
type 3 primitive bool
type 4 struct std_core$Yielded__i32 { value:2 }

fn 0 tests_snapshots_bytecode_arith_input_vader$add (i32,i32) -> i32
  local.get 0   ; input.vader:2:12
  local.get 1   ; input.vader:2:16
  i32.add   ; input.vader:2:12
  return   ; input.vader:2:5
end

fn 1 tests_snapshots_bytecode_arith_input_vader$main () -> i32
  local x i32
  i32.const 2   ; input.vader:6:14
  i32.const 3   ; input.vader:6:17
  call 0   ; input.vader:6:10
  local.set 0   ; input.vader:6:5
  local.get 0   ; input.vader:7:12
  return   ; input.vader:7:5
end

fn 2 std_core$Range$Iterator$step (ref) -> ref
  local done bool
  local v i32
  local.get 0   ; core.vader:62:21
  struct.get 1 2   ; core.vader:62:21
  if bool   ; core.vader:62:17
  local.get 0   ; core.vader:63:13
  struct.get 1 3   ; core.vader:63:13
  local.get 0   ; core.vader:63:27
  struct.get 1 1   ; core.vader:63:27
  i32.gt   ; core.vader:63:13
  else   ; core.vader:62:17
  local.get 0   ; core.vader:65:13
  struct.get 1 3   ; core.vader:65:13
  local.get 0   ; core.vader:65:28
  struct.get 1 1   ; core.vader:65:28
  i32.ge   ; core.vader:65:13
  end   ; core.vader:62:17
  local.set 1   ; core.vader:62:9
  local.get 1   ; core.vader:67:13
  if void   ; core.vader:67:9
  struct.new 0   ; core.vader:68:20
  return   ; core.vader:68:13
  end   ; core.vader:67:9
  local.get 0   ; core.vader:70:14
  struct.get 1 3   ; core.vader:70:14
  local.set 2   ; core.vader:70:9
  local.get 0   ; core.vader:71:9
  local.get 0   ; core.vader:71:23
  struct.get 1 3   ; core.vader:71:23
  i32.const 1   ; core.vader:71:37
  i32.add   ; core.vader:71:23
  struct.set 1 3   ; core.vader:71:9
  local.get 2   ; core.vader:72:40
  struct.new 4   ; core.vader:72:16
  return   ; core.vader:72:9
end
