module input
type 0 struct std_core$Done {  }
type 1 struct std_core$Range { start:2,end:2,inclusive:3,cursor:2 }
type 2 primitive i32
type 3 primitive bool
type 4 struct std_core$Yielded__i32 { value:2 }
string 0 "positive"
string 1 "negative"
string 2 "zero"

fn 0 tests_snapshots_bytecode_if_branches_input_vader$classify (i32) -> string
  local.get 0   ; input.vader:2:16
  i32.const 0   ; input.vader:2:20
  i32.gt   ; input.vader:2:16
  if string   ; input.vader:2:12
  string.const 0   ; input.vader:3:9
  else   ; input.vader:2:12
  local.get 0   ; input.vader:4:16
  i32.const 0   ; input.vader:4:20
  i32.lt   ; input.vader:4:16
  if string   ; input.vader:4:12
  string.const 1   ; input.vader:5:9
  else   ; input.vader:4:12
  string.const 2   ; input.vader:7:9
  end   ; input.vader:4:12
  end   ; input.vader:2:12
  return   ; input.vader:2:5
end

fn 1 std_core$Range$Iterator$step (ref) -> ref
  local done bool
  local v i32
  local.get 0   ; core.vader:62:21
  struct.get 1 2   ; core.vader:62:21
  if bool   ; core.vader:62:17
  local.get 0   ; core.vader:63:13
  struct.get 1 3   ; core.vader:63:13
  local.get 0   ; core.vader:63:27
  struct.get 1 1   ; core.vader:63:27
  i32.gt   ; core.vader:63:13
  else   ; core.vader:62:17
  local.get 0   ; core.vader:65:13
  struct.get 1 3   ; core.vader:65:13
  local.get 0   ; core.vader:65:28
  struct.get 1 1   ; core.vader:65:28
  i32.ge   ; core.vader:65:13
  end   ; core.vader:62:17
  local.set 1   ; core.vader:62:9
  local.get 1   ; core.vader:67:13
  if void   ; core.vader:67:9
  struct.new 0   ; core.vader:68:20
  return   ; core.vader:68:13
  end   ; core.vader:67:9
  local.get 0   ; core.vader:70:14
  struct.get 1 3   ; core.vader:70:14
  local.set 2   ; core.vader:70:9
  local.get 0   ; core.vader:71:9
  local.get 0   ; core.vader:71:23
  struct.get 1 3   ; core.vader:71:23
  i32.const 1   ; core.vader:71:37
  i32.add   ; core.vader:71:23
  struct.set 1 3   ; core.vader:71:9
  local.get 2   ; core.vader:72:40
  struct.new 4   ; core.vader:72:16
  return   ; core.vader:72:9
end
