# Lower

## tests/snapshots/lower/match_union/input.vader
  fn tests_snapshots_lower_match_union_input_vader$describe(x: i32 | null | string) -> string
    return
      block :string
        let __scrut_0#-1: i32 | null | string = x#34 :i32 | null | string
        ~>
          if :string
            cond:
              is i32 :bool
                __scrut_0#-1 :i32 | null | string
            then:
              ~>
                "an int" :string
            else:
              ~>
                if :string
                  cond:
                    is string :bool
                      __scrut_0#-1 :i32 | null | string
                  then:
                    ~>
                      "a string" :string
                  else:
                    ~>
                      if :string
                        cond:
                          is null :bool
                            __scrut_0#-1 :i32 | null | string
                        then:
                          ~>
                            "nothing" :string
                        else:
                          ~>
                            unreachable("non-exhaustive match (T3013 should have caught this)") :string
